dir2consul/repo/README : readme file
dir2consul/repo/a/a : a
dir2consul/repo/a/test-text : a
dir2consul/repo/b/b : b
dir2consul/repo/b/test-text : b
dir2consul/repo/skipme : May be skipped.
dir2consul/repo/skipme/another : another
dir2consul/repo/skipme/skipme : May be skipped.
dir2consul/repo/test-json : {
    "a": 1
}
dir2consul/repo/test-text : some text
