dir2consul/repo/.githubx/githubdir2consul/repo/.githubx/githubdir2consul/repo/.gitx/testfiledir2consul/repo/.gitx/testfiledir2consul/repo/READMEdir2consul/repo/READMEdir2consul/repo/a/adir2consul/repo/a/adir2consul/repo/a/test-textdir2consul/repo/a/test-textdir2consul/repo/b/bdir2consul/repo/b/bdir2consul/repo/b/test-textdir2consul/repo/b/test-textdir2consul/repo/skipme/skippeddir2consul/repo/skipme/skippeddir2consul/repo/test-jsondir2consul/repo/test-jsondir2consul/repo/test-textdir2consul/repo/test-text