dir2consul/repo/.githubx/githubdir2consul/repo/.githubx/githubdir2consul/repo/a/adir2consul/repo/a/adir2consul/repo/a/test-textdir2consul/repo/a/test-textdir2consul/repo/b/bdir2consul/repo/b/bdir2consul/repo/b/test-textdir2consul/repo/b/test-textdir2consul/repo/test-jsondir2consul/repo/test-jsondir2consul/repo/test-textdir2consul/repo/test-text